I'm sorry, but errors were detected in your script. Please correct the
errors listed below, and try again.


File "game/spe/choix_peuple.rpy", line 37: invalid syntax
        if civRef not None:
                          ^
    

Ren'Py Version: Ren'Py 7.4.4.1439
Wed Aug 11 22:50:35 2021
